// Jest Snapshot v1, https://goo.gl/fbAQLP

exports[`<List/> renders correctly 1`] = `
<DocumentFragment>
  <div>
    <ul
      data-testid="gigList-ul"
    >
      <li>
        Ivanhoe + Duan and only
      </li>
      <li>
        Ivanhoe + Rolf
      </li>
    </ul>
  </div>
</DocumentFragment>
`;
